=========================================================================
InfoTest: missing action definition
=========================================================================

tables {
  preamble {
    id: 1
    name: "table1"
    alias: "table1"
  }
  action_refs {
    id: 1
  }
  size: 1024
}

Test failed with error:
  Missing definition for action with id 1.


=========================================================================
InfoTest: duplicate table id
=========================================================================

tables {
  preamble {
    id: 1
    name: "table1"
    alias: "table1"
  }
}
tables {
  preamble {
    id: 1
    name: "table2"
    alias: "table2"
  }
}

Test failed with error:
  Found several tables with the same ID 1.


=========================================================================
InfoTest: duplicate match field id
=========================================================================

tables {
  preamble {
    id: 1
    name: "table1"
    alias: "table1"
  }
  match_fields {
    id: 1
    name: "field1"
    bitwidth: 1
    match_type: EXACT
  }
  match_fields {
    id: 1
    name: "field2"
    bitwidth: 1
    match_type: EXACT
  }
}

Test failed with error:
  Found several match fields with the same ID 1 in table table1.


=========================================================================
InfoTest: duplicate action id
=========================================================================

actions {
  preamble {
    id: 1
    name: "action1"
    alias: "action1"
  }
}
actions {
  preamble {
    id: 1
    name: "action2"
    alias: "action2"
  }
}

Test failed with error:
  Found several actions with the same ID: 1.


=========================================================================
InfoTest: duplicate param id
=========================================================================

actions {
  preamble {
    id: 1
    name: "action1"
    alias: "action1"
  }
  params {
    id: 1
    name: "param1"
  }
  params {
    id: 1
    name: "param2"
  }
}

Test failed with error:
  Found several parameters with the same ID 1 for action action1.


=========================================================================
InfoTest: duplicate table name
=========================================================================

tables {
  preamble {
    id: 1
    name: "table1"
    alias: "table1"
  }
}
tables {
  preamble {
    id: 2
    name: "table2"
    alias: "table1"
  }
}

Test failed with error:
  Found several tables with the same name table1.


=========================================================================
InfoTest: duplicate match field name
=========================================================================

tables {
  preamble {
    id: 1
    name: "table1"
    alias: "table1"
  }
  match_fields {
    id: 1
    name: "field1"
    bitwidth: 1
    match_type: EXACT
  }
  match_fields {
    id: 2
    name: "field1"
    bitwidth: 1
    match_type: EXACT
  }
}

Test failed with error:
  Found several match fields with the same name field1 in table table1.


=========================================================================
InfoTest: duplicate action name
=========================================================================

actions {
  preamble {
    id: 1
    name: "action1"
    alias: "action1"
  }
}
actions {
  preamble {
    id: 2
    name: "action2"
    alias: "action1"
  }
}

Test failed with error:
  Found several actions with the same name: 2.


=========================================================================
InfoTest: duplicate param name
=========================================================================

actions {
  preamble {
    id: 1
    name: "action1"
    alias: "action1"
  }
  params {
    id: 1
    name: "param1"
  }
  params {
    id: 2
    name: "param1"
  }
}

Test failed with error:
  Found several parameters with the same name 2 for action action1.


